2026-10-06 21:44:58.237 xcodebuild[7595:26120] [MT] IDEDistribution: -[IDEDistributionLogging _createLoggingBundleAtPath:]: Created bundle at path "/var/folders/36/tjdph2t965j8snz9_vkdnw0r0000gn/T/App_2026-10-06_21-44-58.232.xcdistributionlogs".
2026-10-06 21:45:16.683 xcodebuild[7595:26120] Starting upload
2026-10-06 21:45:17.983 xcodebuild[7595:26469] Progress 0%: Making copy of ‘App.ipa’…
2026-10-06 21:45:17.984 xcodebuild[7595:26469] Progress 0%: Making copy of ‘App.ipa’…
2026-10-06 21:45:17.985 xcodebuild[7595:26469] Progress 0%: Preparing to upload ‘App.ipa’…
2026-10-06 21:45:48.976 xcodebuild[7595:26469] Progress 0%: Analyzing package…
2026-10-06 21:45:50.119 xcodebuild[7595:27031] Progress 0%: Sending analysis to App Store Connect…
2026-10-06 21:45:51.500 xcodebuild[7595:27031] Progress 0%: Waiting for App Store Connect analysis response…
2026-10-06 21:45:52.953 xcodebuild[7595:27031] Progress 0%: Waiting for App Store Connect analysis response…
2026-10-06 21:46:14.719 xcodebuild[7595:27031] Progress 0%: Sending SPI analysis to App Store Connect…
2026-10-06 21:46:15.467 xcodebuild[7595:27031] Progress 0%: Waiting for App Store Connect SPI analysis response…
2026-10-06 21:46:17.034 xcodebuild[7595:27031] Progress 0%: Waiting for App Store Connect SPI analysis response…
2026-10-06 21:46:37.919 xcodebuild[7595:27031] Progress 0%: Upload failed.
Invalid Signature. Code failed to satisfy specified code requirement(s). The file at path “App.app/Frameworks/Cordova.framework/Cordova” is not properly signed. Make sure you have signed your application with a distribution certificate, not an ad hoc certificate or a development certificate. Verify that the code signing settings in Xcode are correct at the target level (which override any values at the project level). Additionally, make sure the bundle you are uploading was built using a Release target in Xcode, not a Simulator target. If you are certain your code signing settings are correct, choose “Clean All” in Xcode, delete the “build” directory in the Finder, and rebuild your release target. For more information, please consult https://developer.apple.com/support/code-signing.
The server’s response was: ‘{
    code = 90035;
    description = "Invalid Signature. Code failed to satisfy specified code requirement(s). The file at path \U201cApp.app/Frameworks/Cordova.framework/Cordova\U201d is not properly signed. Make sure you have signed your application with a distribution certificate, not an ad hoc certificate or a development certificate. Verify that the code signing settings in Xcode are correct at the target level (which override any values at the project level). Additionally, make sure the bundle you are uploading was built using a Release target in Xcode, not a Simulator target. If you are certain your code signing settings are correct, choose \U201cClean All\U201d in Xcode, delete the \U201cbuild\U201d directory in the Finder, and rebuild your release target. For more information, please consult https://developer.apple.com/support/code-signing.";
}’.
error: exportArchive Invalid Signature. Code failed to satisfy specified code requirement(s). The file at path “App.app/Frameworks/Cordova.framework/Cordova” is not properly signed. Make sure you have signed your application with a distribution certificate, not an ad hoc certificate or a development certificate. Verify that the code signing settings in Xcode are correct at the target level (which override any values at the project level). Additionally, make sure the bundle you are uploading was built using a Release target in Xcode, not a Simulator target. If you are certain your code signing settings are correct, choose “Clean All” in Xcode, delete the “build” directory in the Finder, and rebuild your release target. For more information, please consult https://developer.apple.com/support/code-signing. The server’s response was: ‘{
    code = 90035;
    description = "Invalid Signature. Code failed to satisfy specified code requirement(s). The file at path \U201cApp.app/Frameworks/Cordova.framework/Cordova\U201d is not properly signed. Make sure you have signed your application with a distribution certificate, not an ad hoc certificate or a development certificate. Verify that the code signing settings in Xcode are correct at the target level (which override any values at the project level). Additionally, make sure the bundle you are uploading was built using a Release target in Xcode, not a Simulator target. If you are certain your code signing settings are correct, choose \U201cClean All\U201d in Xcode, delete the \U201cbuild\U201d directory in the Finder, and rebuild your release target. For more information, please consult https://developer.apple.com/support/code-signing.";
}’.

error: exportArchive Invalid Signature. Code failed to satisfy specified code requirement(s). The file at path “App.app/Frameworks/Capacitor.framework/Capacitor” is not properly signed. Make sure you have signed your application with a distribution certificate, not an ad hoc certificate or a development certificate. Verify that the code signing settings in Xcode are correct at the target level (which override any values at the project level). Additionally, make sure the bundle you are uploading was built using a Release target in Xcode, not a Simulator target. If you are certain your code signing settings are correct, choose “Clean All” in Xcode, delete the “build” directory in the Finder, and rebuild your release target. For more information, please consult https://developer.apple.com/support/code-signing. The server’s response was: ‘{
    code = 90035;
    description = "Invalid Signature. Code failed to satisfy specified code requirement(s). The file at path \U201cApp.app/Frameworks/Capacitor.framework/Capacitor\U201d is not properly signed. Make sure you have signed your application with a distribution certificate, not an ad hoc certificate or a development certificate. Verify that the code signing settings in Xcode are correct at the target level (which override any values at the project level). Additionally, make sure the bundle you are uploading was built using a Release target in Xcode, not a Simulator target. If you are certain your code signing settings are correct, choose \U201cClean All\U201d in Xcode, delete the \U201cbuild\U201d directory in the Finder, and rebuild your release target. For more information, please consult https://developer.apple.com/support/code-signing.";
}’.

error: exportArchive Invalid Signature. Code failed to satisfy specified code requirement(s). The file at path “App.app/App” is not properly signed. Make sure you have signed your application with a distribution certificate, not an ad hoc certificate or a development certificate. Verify that the code signing settings in Xcode are correct at the target level (which override any values at the project level). Additionally, make sure the bundle you are uploading was built using a Release target in Xcode, not a Simulator target. If you are certain your code signing settings are correct, choose “Clean All” in Xcode, delete the “build” directory in the Finder, and rebuild your release target. For more information, please consult https://developer.apple.com/support/code-signing. The server’s response was: ‘{
    code = 90035;
    description = "Invalid Signature. Code failed to satisfy specified code requirement(s). The file at path \U201cApp.app/App\U201d is not properly signed. Make sure you have signed your application with a distribution certificate, not an ad hoc certificate or a development certificate. Verify that the code signing settings in Xcode are correct at the target level (which override any values at the project level). Additionally, make sure the bundle you are uploading was built using a Release target in Xcode, not a Simulator target. If you are certain your code signing settings are correct, choose \U201cClean All\U201d in Xcode, delete the \U201cbuild\U201d directory in the Finder, and rebuild your release target. For more information, please consult https://developer.apple.com/support/code-signing.";
}’.

** EXPORT FAILED **

